// Jest Snapshot v1, https://goo.gl/fbAQLP

exports[`scheme-form  gen snapshot 1`] = `
<form class="form-id-snapshot">
  <div style="display: flex; flex-direction: column; gap: 10px;">
    <div style="display: grid; gap: 4px 8px;">
      <div style="grid-row-end: span 1; grid-column: span undefined / auto;" class="form-logic-form-item form-logic-form-item-fullness form-logic-form-item-label-align-right form-logic-form-item-control-align-left form-logic-form-item-control-wrap" data-grid-span="1">
        <div class="form-logic-form-item-label form-logic-form-item-item-col-6">
          <div class="form-logic-form-item-label-content"><span><!----><label>请求接口</label></span></div>
          <!----><span class="form-logic-form-item-colon">:</span>
        </div>
        <div class="form-logic-form-item-control form-logic-form-item-item-col-18">
          <div class="form-logic-form-item-control-content">
            <div class="form-logic-form-item-control-content-component">
              <!----><span><input type="text" class="ant-input"></span>
            </div>
          </div>
          <!---->
        </div>
      </div>
      <div style="grid-row-end: span 1; grid-column: span 1 / auto;" class="form-logic-form-item form-logic-form-item-fullness form-logic-form-item-label-align-right form-logic-form-item-control-align-left form-logic-form-item-control-wrap" data-grid-span="1">
        <div class="form-logic-form-item-label form-logic-form-item-item-col-6">
          <div class="form-logic-form-item-label-content"><span><span class="form-logic-form-item-asterisk">*</span><label>请求方式</label></span></div>
          <!----><span class="form-logic-form-item-colon">:</span>
        </div>
        <div class="form-logic-form-item-control form-logic-form-item-item-col-18">
          <div class="form-logic-form-item-control-content">
            <div class="form-logic-form-item-control-content-component">
              <!----><span><input></span>
            </div>
          </div>
          <!---->
        </div>
      </div>
    </div>
  </div>
</form>
`;
