// Jest Snapshot v1, https://goo.gl/fbAQLP

exports[`drawer-page-form  gen snapshot 1`] = `
<body style="overflow: hidden; overflow-x: hidden; overflow-y: hidden;"
      class="ant-scrolling-effect"
>
  <div>
    <div tabindex="-1"
         class="ant-drawer ant-drawer-right ant-drawer-open"
    >
      <div class="ant-drawer-mask">
      </div>
      <div class="ant-drawer-content-wrapper"
           style="width: 90%;"
      >
        <div class="ant-drawer-content">
          <div class="ant-drawer-wrapper-body">
            <div class="ant-drawer-header">
              <div class="ant-drawer-header-title">
                <div class="ant-drawer-title">
                  请填写
                </div>
              </div>
            </div>
            <div class="ant-drawer-body">
              <div class="ant-spin-nested-loading form-logic-page-loading">
                <div class="ant-spin-container">
                  <div class="ant-skeleton">
                    <div class="ant-skeleton-content">
                      <h3 class="ant-skeleton-title"
                          style="width: 38%;"
                      >
                      </h3>
                      <ul class="ant-skeleton-paragraph">
                        <li>
                        </li>
                        <li>
                        </li>
                        <li style="width: 61%;">
                        </li>
                      </ul>
                    </div>
                  </div>
                </div>
              </div>
            </div>
            <div class="ant-drawer-footer">
              <div class="ant-row form-logic-left-right-slot">
                <div class="ant-col ant-col-12 form-logic-left-right-slot-left">
                  <div class="ant-space ant-space-horizontal ant-space-align-center">
                    <div class="ant-space-item">
                      <button class="ant-btn ant-btn-dashed"
                              type="button"
                      >
                        <span role="img"
                              aria-label="close"
                              class="anticon anticon-close"
                        >
                          <svg focusable="false"
                               class
                               data-icon="close"
                               width="1em"
                               height="1em"
                               fill="currentColor"
                               aria-hidden="true"
                               viewbox="64 64 896 896"
                          >
                            <path d="M563.8 512l262.5-312.9c4.4-5.2.7-13.1-6.1-13.1h-79.8c-4.7 0-9.2 2.1-12.3 5.7L511.6 449.8 295.1 191.7c-3-3.6-7.5-5.7-12.3-5.7H203c-6.8 0-10.5 7.9-6.1 13.1L459.4 512 196.9 824.9A7.95 7.95 0 00203 838h79.8c4.7 0 9.2-2.1 12.3-5.7l216.5-258.1 216.5 258.1c3 3.6 7.5 5.7 12.3 5.7h79.8c6.8 0 10.5-7.9 6.1-13.1L563.8 512z">
                            </path>
                          </svg>
                        </span>
                        <span>
                          关闭
                        </span>
                      </button>
                    </div>
                  </div>
                </div>
                <div class="ant-col ant-col-12 form-logic-left-right-slot-right">
                  <div class="ant-space ant-space-horizontal ant-space-align-center">
                    <div class="ant-space-item"
                         style="margin-right: 8px;"
                    >
                    </div>
                    <div class="ant-space-item">
                      <button class="ant-btn ant-btn-primary"
                              type="button"
                      >
                        <span role="img"
                              aria-label="check"
                              class="anticon anticon-check"
                        >
                          <svg focusable="false"
                               class
                               data-icon="check"
                               width="1em"
                               height="1em"
                               fill="currentColor"
                               aria-hidden="true"
                               viewbox="64 64 896 896"
                          >
                            <path d="M912 190h-69.9c-9.8 0-19.1 4.5-25.1 12.2L404.7 724.5 207 474a32 32 0 00-25.1-12.2H112c-6.7 0-10.4 7.7-6.3 12.9l273.9 347c12.8 16.2 37.4 16.2 50.3 0l488.4-618.9c4.1-5.1.4-12.8-6.3-12.8z">
                            </path>
                          </svg>
                        </span>
                        <span>
                          确定
                        </span>
                      </button>
                    </div>
                  </div>
                </div>
              </div>
            </div>
          </div>
        </div>
      </div>
    </div>
  </div>
</body>
`;
